// Jest Snapshot v1, https://goo.gl/fbAQLP

exports[`ProjectContainer should match the correct snapshot 1`] = `
<Masonry
  breakpointCols={
    Object {
      "1100": 3,
      "500": 1,
      "700": 2,
      "default": 3,
    }
  }
  className="my-masonry-grid"
  columnClassName="my-masonry-grid_column"
>
  <Connect(ProjectCard)
    id={1}
    key="1"
    palettes={
      Array [
        Object {
          "color1": "#ffffff",
          "color2": "#ffffff",
          "color3": "#ffffff",
          "color4": "#ffffff",
          "color5": "#ffffff",
          "id": 1,
          "name": "Palette 1",
          "project_id": 1,
        },
      ]
    }
    projectTitle="Project 1"
  />
  <Connect(ProjectCard)
    id={2}
    key="2"
    palettes={
      Array [
        Object {
          "color1": "#ffffff",
          "color2": "#ffffff",
          "color3": "#ffffff",
          "color4": "#ffffff",
          "color5": "#ffffff",
          "id": 2,
          "name": "Palette 1",
          "project_id": 2,
        },
      ]
    }
    projectTitle="Project 2"
  />
</Masonry>
`;

exports[`ProjectContainer should match the correct snapshot when searching is true 1`] = `
<Masonry
  breakpointCols={
    Object {
      "1100": 3,
      "500": 1,
      "700": 2,
      "default": 3,
    }
  }
  className="my-masonry-grid"
  columnClassName="my-masonry-grid_column"
>
  <Connect(ProjectCard)
    id={1}
    key="1"
    palettes={
      Array [
        Object {
          "color1": "#ffffff",
          "color2": "#ffffff",
          "color3": "#ffffff",
          "color4": "#ffffff",
          "color5": "#ffffff",
          "id": 1,
          "name": "Palette 1",
          "project_id": 1,
        },
      ]
    }
    projectTitle="Project 1"
  />
  <Connect(ProjectCard)
    id={2}
    key="2"
    palettes={
      Array [
        Object {
          "color1": "#ffffff",
          "color2": "#ffffff",
          "color3": "#ffffff",
          "color4": "#ffffff",
          "color5": "#ffffff",
          "id": 2,
          "name": "Palette 1",
          "project_id": 2,
        },
      ]
    }
    projectTitle="Project 2"
  />
</Masonry>
`;
